      User       |         DB          |    Current State    | Count | Stared >1 min ago | Stared >5 min ago | Stared >1 h ago 
