      User       |         DB          |  Current State   | Count | State changed >1m ago | State changed >1h ago 
