 align1 | 5096 kB    | ~781 kB (15.33%)
 align2 | 4328 kB    |
